aibrainsenses.humanknownplayerslosupdateinterval|AIBRAINSENSES_HUMANKNOWNPLAYERSLOSUPDATEINTERVAL|0.2
aibrainsenses.knownplayerslosupdateinterval|AIBRAINSENSES_KNOWNPLAYERSLOSUPDATEINTERVAL|0.5
aibrainsenses.updateinterval|AIBRAINSENSES_UPDATEINTERVAL|0.5
aithinkmanager.animalframebudgetms|AITHINKMANAGER_ANIMALFRAMEBUDGETMS|2.5
aithinkmanager.framebudgetms|AITHINKMANAGER_FRAMEBUDGETMS|2.5
aithinkmanager.petframebudgetms|AITHINKMANAGER_PETFRAMEBUDGETMS|1
autoturret.auto_turret_budget_ms|AUTOTURRET_AUTO_TURRET_BUDGET_MS|0.5
baseboat.do_shore_drift|BASEBOAT_DO_SHORE_DRIFT|True
baseboat.drift_speed|BASEBOAT_DRIFT_SPEED|1
baseboat.generate_paths|BASEBOAT_GENERATE_PATHS|True
basefirework.maxactivefireworks|BASEFIREWORK_MAXACTIVEFIREWORKS|25
basefishingrod.forcefail|BASEFISHINGROD_FORCEFAIL|False
basefishingrod.forcesuccess|BASEFISHINGROD_FORCESUCCESS|False
basefishingrod.immediatehook|BASEFISHINGROD_IMMEDIATEHOOK|False
basemission.missionsenabled|BASEMISSION_MISSIONSENABLED|True
basenavigator.basenavmovementframeinterval|BASENAVIGATOR_BASENAVMOVEMENTFRAMEINTERVAL|2
basenavigator.maxstepupdistance|BASENAVIGATOR_MAXSTEPUPDISTANCE|1.7
basenavigator.navtypedistance|BASENAVIGATOR_NAVTYPEDISTANCE|1
basenavigator.navtypeheightoffset|BASENAVIGATOR_NAVTYPEHEIGHTOFFSET|0.5
basenavigator.stucktriggerduration|BASENAVIGATOR_STUCKTRIGGERDURATION|10
basepet.movementupdatebudgetms|BASEPET_MOVEMENTUPDATEBUDGETMS|1
basepet.onlyqueuebasenavmovements|BASEPET_ONLYQUEUEBASENAVMOVEMENTS|True
basepet.queuedmovementsallowed|BASEPET_QUEUEDMOVEMENTSALLOWED|True
baseplayer.lifestoryframebudgetms|BASEPLAYER_LIFESTORYFRAMEBUDGETMS|0.25
baseridableanimal.decayminutes|BASERIDABLEANIMAL_DECAYMINUTES|180
baseridableanimal.dungtimescale|BASERIDABLEANIMAL_DUNGTIMESCALE|1
baseridableanimal.framebudgetms|BASERIDABLEANIMAL_FRAMEBUDGETMS|1
basesubmarine.deepwaterdecayminutes|BASESUBMARINE_DEEPWATERDECAYMINUTES|120
basesubmarine.outsidedecayminutes|BASESUBMARINE_OUTSIDEDECAYMINUTES|180
basesubmarine.oxygenminutes|BASESUBMARINE_OXYGENMINUTES|10
bear.population|BEAR_POPULATION|2
bigwheelgame.spinfrequencyseconds|BIGWHEELGAME_SPINFREQUENCYSECONDS|45
blackjackmachine.maxbet|BLACKJACKMACHINE_MAXBET|500
boar.population|BOAR_POPULATION|5
boombox.backtracklength|BOOMBOX_BACKTRACKLENGTH|30
boombox.serverurllist|BOOMBOX_SERVERURLLIST|
cargoship.egress_duration_minutes|CARGOSHIP_EGRESS_DURATION_MINUTES|10
cargoship.event_duration_minutes|CARGOSHIP_EVENT_DURATION_MINUTES|50
cargoship.event_enabled|CARGOSHIP_EVENT_ENABLED|True
cargoship.loot_round_spacing_minutes|CARGOSHIP_LOOT_ROUND_SPACING_MINUTES|10
cargoship.loot_rounds|CARGOSHIP_LOOT_ROUNDS|3
cassette.maxcassettefilesizemb|CASSETTE_MAXCASSETTEFILESIZEMB|5
chicken.population|CHICKEN_POPULATION|3
cinematicentity.hideobjects|CINEMATICENTITY_HIDEOBJECTS|keeps lights visible
clothlod.clothloddist|CLOTHLOD_CLOTHLODDIST|20
codelock.lockoutcooldown|CODELOCK_LOCKOUTCOOLDOWN|900
codelock.maxfailedattempts|CODELOCK_MAXFAILEDATTEMPTS|8
camerarenderer.completionframebudgetms|CAMERARENDERER_COMPLETIONFRAMEBUDGETMS|5
camerarenderer.enabled|CAMERARENDERER_ENABLED|True
camerarenderer.entitymaxage|CAMERARENDERER_ENTITYMAXAGE|5
camerarenderer.entitymaxdistance|CAMERARENDERER_ENTITYMAXDISTANCE|100
camerarenderer.farplane|CAMERARENDERER_FARPLANE|250
camerarenderer.height|CAMERARENDERER_HEIGHT|90
camerarenderer.layermask|CAMERARENDERER_LAYERMASK|1218656529
camerarenderer.maxraysperframe|CAMERARENDERER_MAXRAYSPERFRAME|100000
camerarenderer.maxrendersperframe|CAMERARENDERER_MAXRENDERSPERFRAME|25
camerarenderer.nearplane|CAMERARENDERER_NEARPLANE|0
camerarenderer.playermaxdistance|CAMERARENDERER_PLAYERMAXDISTANCE|30
camerarenderer.playernamemaxdistance|CAMERARENDERER_PLAYERNAMEMAXDISTANCE|10
camerarenderer.renderinterval|CAMERARENDERER_RENDERINTERVAL|0.05
camerarenderer.samplesperrender|CAMERARENDERER_SAMPLESPERRENDER|3000
camerarenderer.verticalfov|CAMERARENDERER_VERTICALFOV|65
camerarenderer.width|CAMERARENDERER_WIDTH|160
global.allowadminui|GLOBAL_ALLOWADMINUI|True
ai.accuratevisiondistance|AI_ACCURATEVISIONDISTANCE|True
ai.allowdesigning|AI_ALLOWDESIGNING|True
ai.animal_ignore_food|AI_ANIMAL_IGNORE_FOOD|server optimization
ai.frametime|AI_FRAMETIME|5
ai.groups|AI_GROUPS|True
ai.ignoreplayers|AI_IGNOREPLAYERS|False
ai.move|AI_MOVE|True
ai.nav_carve_height|AI_NAV_CARVE_HEIGHT|default: 2
ai.nav_carve_min_base_size|AI_NAV_CARVE_MIN_BASE_SIZE|default: 2
ai.nav_carve_min_building_blocks_to_apply_optimization|AI_NAV_CARVE_MIN_BUILDING_BLOCKS_TO_APPLY_OPTIMIZATION|default: 25
ai.nav_carve_size_multiplier|AI_NAV_CARVE_SIZE_MULTIPLIER|default: 4
ai.nav_carve_use_building_optimization|AI_NAV_CARVE_USE_BUILDING_OPTIMIZATION|default: false
ai.navthink|AI_NAVTHINK|True
ai.npc_alertness_drain_rate|AI_NPC_ALERTNESS_DRAIN_RATE|Default: 0.01
ai.npc_alertness_to_aim_modifier|AI_NPC_ALERTNESS_TO_AIM_MODIFIER|0-10
ai.npc_alertness_zero_detection_mod|AI_NPC_ALERTNESS_ZERO_DETECTION_MOD|Default: 0.5
ai.npc_cover_compromised_cooldown|AI_NPC_COVER_COMPROMISED_COOLDOWN|default: 10
ai.npc_cover_info_tick_rate_multiplier|AI_NPC_COVER_INFO_TICK_RATE_MULTIPLIER|Default: 20
ai.npc_cover_path_vs_straight_dist_max_diff|AI_NPC_COVER_PATH_VS_STRAIGHT_DIST_MAX_DIFF|default: 2
ai.npc_cover_use_path_distance|AI_NPC_COVER_USE_PATH_DISTANCE|True
ai.npc_deliberate_hit_randomizer|AI_NPC_DELIBERATE_HIT_RANDOMIZER|we don't want perfect hits with every shot
ai.npc_deliberate_miss_offset_multiplier|AI_NPC_DELIBERATE_MISS_OFFSET_MULTIPLIER|default: 1.25
ai.npc_deliberate_miss_to_hit_alignment_time|AI_NPC_DELIBERATE_MISS_TO_HIT_ALIGNMENT_TIME|default: 1.5
ai.npc_door_trigger_size|AI_NPC_DOOR_TRIGGER_SIZE|default: 1.5
ai.npc_enable|AI_NPC_ENABLE|default: true
ai.npc_families_no_hurt|AI_NPC_FAMILIES_NO_HURT|default: true
ai.npc_gun_noise_silencer_modifier|AI_NPC_GUN_NOISE_SILENCER_MODIFIER|Default: 0.15
ai.npc_htn_player_base_damage_modifier|AI_NPC_HTN_PLAYER_BASE_DAMAGE_MODIFIER|default: 1.15f
ai.npc_htn_player_frustration_threshold|AI_NPC_HTN_PLAYER_FRUSTRATION_THRESHOLD|default: 3
ai.npc_ignore_chairs|AI_NPC_IGNORE_CHAIRS|default: true
ai.npc_junkpile_a_spawn_chance|AI_NPC_JUNKPILE_A_SPAWN_CHANCE|Default: 0.1
ai.npc_junkpile_dist_aggro_gate|AI_NPC_JUNKPILE_DIST_AGGRO_GATE|or closer
ai.npc_junkpile_g_spawn_chance|AI_NPC_JUNKPILE_G_SPAWN_CHANCE|Default: 0.1
ai.npc_junkpilespawn_chance|AI_NPC_JUNKPILESPAWN_CHANCE|Default: 0.1
ai.npc_max_junkpile_count|AI_NPC_MAX_JUNKPILE_COUNT|does not include monuments
ai.npc_max_population_military_tunnels|AI_NPC_MAX_POPULATION_MILITARY_TUNNELS|default: 3
ai.npc_max_roam_multiplier|AI_NPC_MAX_ROAM_MULTIPLIER|default: 3
ai.npc_only_hurt_active_target_in_safezone|AI_NPC_ONLY_HURT_ACTIVE_TARGET_IN_SAFEZONE|default: true
ai.npc_patrol_point_cooldown|AI_NPC_PATROL_POINT_COOLDOWN|default: 5
ai.npc_reasoning_system_tick_rate_multiplier|AI_NPC_REASONING_SYSTEM_TICK_RATE_MULTIPLIER|Default: 1
ai.npc_respawn_delay_max_military_tunnels|AI_NPC_RESPAWN_DELAY_MAX_MILITARY_TUNNELS|default: 1920
ai.npc_respawn_delay_min_military_tunnels|AI_NPC_RESPAWN_DELAY_MIN_MILITARY_TUNNELS|default: 480
ai.npc_sensory_system_tick_rate_multiplier|AI_NPC_SENSORY_SYSTEM_TICK_RATE_MULTIPLIER|Default: 5
ai.npc_spawn_on_cargo_ship|AI_NPC_SPAWN_ON_CARGO_SHIP|default: true
ai.npc_spawn_per_tick_max_military_tunnels|AI_NPC_SPAWN_PER_TICK_MAX_MILITARY_TUNNELS|default: 1
ai.npc_spawn_per_tick_min_military_tunnels|AI_NPC_SPAWN_PER_TICK_MIN_MILITARY_TUNNELS|default: 1
ai.npc_speed_crouch_run|AI_NPC_SPEED_CROUCH_RUN|Default: 0.25
ai.npc_speed_crouch_walk|AI_NPC_SPEED_CROUCH_WALK|Default: 0.1
ai.npc_speed_run|AI_NPC_SPEED_RUN|Default: 0.4
ai.npc_speed_sprint|AI_NPC_SPEED_SPRINT|Default: 1.0
ai.npc_speed_walk|AI_NPC_SPEED_WALK|Default: 0.18
ai.npc_use_new_aim_system|AI_NPC_USE_NEW_AIM_SYSTEM|default: true
ai.npc_use_thrown_weapons|AI_NPC_USE_THROWN_WEAPONS|default: true
ai.npc_valid_aim_cone|AI_NPC_VALID_AIM_CONE|default: 0.8
ai.npc_valid_mounted_aim_cone|AI_NPC_VALID_MOUNTED_AIM_CONE|default: 0.92
ai.npcswimming|AI_NPCSWIMMING|True
ai.ocean_patrol_path_iterations|AI_OCEAN_PATROL_PATH_ITERATIONS|100000
ai.sensetime|AI_SENSETIME|1
ai.setdestinationsamplenavmesh|AI_SETDESTINATIONSAMPLENAVMESH|True
ai.sleepwake|AI_SLEEPWAKE|True
ai.spliceupdates|AI_SPLICEUPDATES|True
ai.think|AI_THINK|True
ai.tickrate|AI_TICKRATE|5
ai.usecalculatepath|AI_USECALCULATEPATH|True
ai.usegrid|AI_USEGRID|True
ai.usesetdestinationfallback|AI_USESETDESTINATIONFALLBACK|True
antihack.admincheat|ANTIHACK_ADMINCHEAT|True
antihack.build_inside_check|ANTIHACK_BUILD_INSIDE_CHECK|2
antihack.build_losradius|ANTIHACK_BUILD_LOSRADIUS|0.01
antihack.build_losradius_sleepingbag|ANTIHACK_BUILD_LOSRADIUS_SLEEPINGBAG|0.3
antihack.build_terraincheck|ANTIHACK_BUILD_TERRAINCHECK|True
antihack.build_vehiclecheck|ANTIHACK_BUILD_VEHICLECHECK|True
antihack.debuglevel|ANTIHACK_DEBUGLEVEL|1
antihack.enforcementlevel|ANTIHACK_ENFORCEMENTLEVEL|1
antihack.eye_clientframes|ANTIHACK_EYE_CLIENTFRAMES|2
antihack.eye_forgiveness|ANTIHACK_EYE_FORGIVENESS|0.5
antihack.eye_history_forgiveness|ANTIHACK_EYE_HISTORY_FORGIVENESS|0.1
antihack.eye_history_penalty|ANTIHACK_EYE_HISTORY_PENALTY|100
antihack.eye_losradius|ANTIHACK_EYE_LOSRADIUS|0.18
antihack.eye_noclip_backtracking|ANTIHACK_EYE_NOCLIP_BACKTRACKING|0.01
antihack.eye_noclip_cutoff|ANTIHACK_EYE_NOCLIP_CUTOFF|0.06
antihack.eye_noclip_margin|ANTIHACK_EYE_NOCLIP_MARGIN|0.21
antihack.eye_penalty|ANTIHACK_EYE_PENALTY|0
antihack.eye_protection|ANTIHACK_EYE_PROTECTION|4
antihack.eye_serverframes|ANTIHACK_EYE_SERVERFRAMES|2
antihack.eye_terraincheck|ANTIHACK_EYE_TERRAINCHECK|True
antihack.eye_vehiclecheck|ANTIHACK_EYE_VEHICLECHECK|True
antihack.flyhack_extrusion|ANTIHACK_FLYHACK_EXTRUSION|2
antihack.flyhack_forgiveness_horizontal|ANTIHACK_FLYHACK_FORGIVENESS_HORIZONTAL|1.5
antihack.flyhack_forgiveness_horizontal_inertia|ANTIHACK_FLYHACK_FORGIVENESS_HORIZONTAL_INERTIA|10
antihack.flyhack_forgiveness_vertical|ANTIHACK_FLYHACK_FORGIVENESS_VERTICAL|1.5
antihack.flyhack_forgiveness_vertical_inertia|ANTIHACK_FLYHACK_FORGIVENESS_VERTICAL_INERTIA|10
antihack.flyhack_margin|ANTIHACK_FLYHACK_MARGIN|0.05
antihack.flyhack_maxsteps|ANTIHACK_FLYHACK_MAXSTEPS|15
antihack.flyhack_penalty|ANTIHACK_FLYHACK_PENALTY|100
antihack.flyhack_protection|ANTIHACK_FLYHACK_PROTECTION|3
antihack.flyhack_reject|ANTIHACK_FLYHACK_REJECT|False
antihack.flyhack_stepsize|ANTIHACK_FLYHACK_STEPSIZE|0.1
antihack.forceposition|ANTIHACK_FORCEPOSITION|True
antihack.maxdeltatime|ANTIHACK_MAXDELTATIME|1
antihack.maxdesync|ANTIHACK_MAXDESYNC|1
antihack.maxviolation|ANTIHACK_MAXVIOLATION|100
antihack.melee_backtracking|ANTIHACK_MELEE_BACKTRACKING|0.01
antihack.melee_clientframes|ANTIHACK_MELEE_CLIENTFRAMES|2
antihack.melee_forgiveness|ANTIHACK_MELEE_FORGIVENESS|0.5
antihack.melee_losforgiveness|ANTIHACK_MELEE_LOSFORGIVENESS|0.2
antihack.melee_penalty|ANTIHACK_MELEE_PENALTY|0
antihack.melee_protection|ANTIHACK_MELEE_PROTECTION|4
antihack.melee_serverframes|ANTIHACK_MELEE_SERVERFRAMES|2
antihack.melee_terraincheck|ANTIHACK_MELEE_TERRAINCHECK|True
antihack.melee_vehiclecheck|ANTIHACK_MELEE_VEHICLECHECK|True
antihack.modelstate|ANTIHACK_MODELSTATE|True
antihack.noclip_backtracking|ANTIHACK_NOCLIP_BACKTRACKING|0.01
antihack.noclip_margin|ANTIHACK_NOCLIP_MARGIN|0.09
antihack.noclip_margin_dismount|ANTIHACK_NOCLIP_MARGIN_DISMOUNT|0.22
antihack.noclip_maxsteps|ANTIHACK_NOCLIP_MAXSTEPS|15
antihack.noclip_penalty|ANTIHACK_NOCLIP_PENALTY|0
antihack.noclip_protection|ANTIHACK_NOCLIP_PROTECTION|3
antihack.noclip_reject|ANTIHACK_NOCLIP_REJECT|True
antihack.noclip_stepsize|ANTIHACK_NOCLIP_STEPSIZE|0.1
antihack.objectplacement|ANTIHACK_OBJECTPLACEMENT|True
antihack.projectile_anglechange|ANTIHACK_PROJECTILE_ANGLECHANGE|60
antihack.projectile_backtracking|ANTIHACK_PROJECTILE_BACKTRACKING|0.01
antihack.projectile_clientframes|ANTIHACK_PROJECTILE_CLIENTFRAMES|2
antihack.projectile_damagedepth|ANTIHACK_PROJECTILE_DAMAGEDEPTH|2
antihack.projectile_desync|ANTIHACK_PROJECTILE_DESYNC|1
antihack.projectile_forgiveness|ANTIHACK_PROJECTILE_FORGIVENESS|0.5
antihack.projectile_impactspawndepth|ANTIHACK_PROJECTILE_IMPACTSPAWNDEPTH|1
antihack.projectile_losforgiveness|ANTIHACK_PROJECTILE_LOSFORGIVENESS|0.2
antihack.projectile_penalty|ANTIHACK_PROJECTILE_PENALTY|0
antihack.projectile_positionoffset|ANTIHACK_PROJECTILE_POSITIONOFFSET|True
antihack.projectile_protection|ANTIHACK_PROJECTILE_PROTECTION|6
antihack.projectile_serverframes|ANTIHACK_PROJECTILE_SERVERFRAMES|2
antihack.projectile_terraincheck|ANTIHACK_PROJECTILE_TERRAINCHECK|True
antihack.projectile_trajectory|ANTIHACK_PROJECTILE_TRAJECTORY|1
antihack.projectile_vehiclecheck|ANTIHACK_PROJECTILE_VEHICLECHECK|True
antihack.projectile_velocitychange|ANTIHACK_PROJECTILE_VELOCITYCHANGE|1.1
antihack.relaxationpause|ANTIHACK_RELAXATIONPAUSE|10
antihack.relaxationrate|ANTIHACK_RELAXATIONRATE|0.1
antihack.reporting|ANTIHACK_REPORTING|False
antihack.speedhack_forgiveness|ANTIHACK_SPEEDHACK_FORGIVENESS|2
antihack.speedhack_forgiveness_inertia|ANTIHACK_SPEEDHACK_FORGIVENESS_INERTIA|10
antihack.speedhack_penalty|ANTIHACK_SPEEDHACK_PENALTY|0
antihack.speedhack_protection|ANTIHACK_SPEEDHACK_PROTECTION|2
antihack.speedhack_reject|ANTIHACK_SPEEDHACK_REJECT|True
antihack.speedhack_slopespeed|ANTIHACK_SPEEDHACK_SLOPESPEED|10
antihack.terrain_check_geometry|ANTIHACK_TERRAIN_CHECK_GEOMETRY|False
antihack.terrain_kill|ANTIHACK_TERRAIN_KILL|True
antihack.terrain_padding|ANTIHACK_TERRAIN_PADDING|0.3
antihack.terrain_penalty|ANTIHACK_TERRAIN_PENALTY|100
antihack.terrain_protection|ANTIHACK_TERRAIN_PROTECTION|1
antihack.terrain_timeslice|ANTIHACK_TERRAIN_TIMESLICE|64
antihack.tickhistoryforgiveness|ANTIHACK_TICKHISTORYFORGIVENESS|0.1
antihack.tickhistorytime|ANTIHACK_TICKHISTORYTIME|0.5
antihack.userlevel|ANTIHACK_USERLEVEL|2
app.alarmcooldown|APP_ALARMCOOLDOWN|in seconds
app.listenip|APP_LISTENIP|0.0.0.0
app.maxconnections|APP_MAXCONNECTIONS|500
app.maxconnectionsperip|APP_MAXCONNECTIONSPERIP|5
app.maxmessagesize|APP_MAXMESSAGESIZE|1048576
app.notifications|APP_NOTIFICATIONS|True
app.port|APP_PORT|28082
app.publicip|APP_PUBLICIP|
app.queuelimit|APP_QUEUELIMIT|100
app.serverid|APP_SERVERID|9e6eb549-17a8-429c-9df3-aa8503591776
app.update|APP_UPDATE|True
batching.verbose|BATCHING_VERBOSE|0
bradley.enabled|BRADLEY_ENABLED|True
bradley.respawndelayminutes|BRADLEY_RESPAWNDELAYMINUTES|60
bradley.respawndelayvariance|BRADLEY_RESPAWNDELAYVARIANCE|1
chat.enabled|CHAT_ENABLED|True
chat.globalchat|CHAT_GLOBALCHAT|True
chat.historysize|CHAT_HISTORYSIZE|1000
chat.localchat|CHAT_LOCALCHAT|False
chat.localchatrange|CHAT_LOCALCHATRANGE|100
chat.serverlog|CHAT_SERVERLOG|True
clan.enabled|CLAN_ENABLED|must be set at boot, requires restart
clan.maxmembercount|CLAN_MAXMEMBERCOUNT|local backend only!
construct.frameminutes|CONSTRUCT_FRAMEMINUTES|30
craft.instant|CRAFT_INSTANT|False
debug.callbacks|DEBUG_CALLBACKS|False
debug.checkparentingtriggers|DEBUG_CHECKPARENTINGTRIGGERS|True
debug.checktriggers|DEBUG_CHECKTRIGGERS|False
debug.debugdismounts|DEBUG_DEBUGDISMOUNTS|False
debug.disablecondition|DEBUG_DISABLECONDITION|False
debug.log|DEBUG_LOG|True
decay.bracket_0_blockcount|DECAY_BRACKET_0_BLOCKCOUNT|15
decay.bracket_0_costfraction|DECAY_BRACKET_0_COSTFRACTION|0.1
decay.bracket_1_blockcount|DECAY_BRACKET_1_BLOCKCOUNT|50
decay.bracket_1_costfraction|DECAY_BRACKET_1_COSTFRACTION|0.15
decay.bracket_2_blockcount|DECAY_BRACKET_2_BLOCKCOUNT|125
decay.bracket_2_costfraction|DECAY_BRACKET_2_COSTFRACTION|0.2
decay.bracket_3_blockcount|DECAY_BRACKET_3_BLOCKCOUNT|and beyond
decay.bracket_3_costfraction|DECAY_BRACKET_3_COSTFRACTION|0.333
decay.debug|DECAY_DEBUG|False
decay.delay_metal|DECAY_DELAY_METAL|0
decay.delay_override|DECAY_DELAY_OVERRIDE|0
decay.delay_stone|DECAY_DELAY_STONE|0
decay.delay_toptier|DECAY_DELAY_TOPTIER|0
decay.delay_twig|DECAY_DELAY_TWIG|0
decay.delay_wood|DECAY_DELAY_WOOD|0
decay.duration_metal|DECAY_DURATION_METAL|8
decay.duration_override|DECAY_DURATION_OVERRIDE|0
decay.duration_stone|DECAY_DURATION_STONE|5
decay.duration_toptier|DECAY_DURATION_TOPTIER|12
decay.duration_twig|DECAY_DURATION_TWIG|1
decay.duration_wood|DECAY_DURATION_WOOD|3
decay.outside_test_range|DECAY_OUTSIDE_TEST_RANGE|50
decay.scale|DECAY_SCALE|1
decay.tick|DECAY_TICK|600
decay.upkeep|DECAY_UPKEEP|True
decay.upkeep_grief_protection|DECAY_UPKEEP_GRIEF_PROTECTION|24 hours
decay.upkeep_heal_scale|DECAY_UPKEEP_HEAL_SCALE|1
decay.upkeep_inside_decay_scale|DECAY_UPKEEP_INSIDE_DECAY_SCALE|0.1
decay.upkeep_period_minutes|DECAY_UPKEEP_PERIOD_MINUTES|24 hours
demo.recordlist|DEMO_RECORDLIST|
demo.recordlistmode|DEMO_RECORDLISTMODE|0
demo.splitmegabytes|DEMO_SPLITMEGABYTES|200
demo.splitseconds|DEMO_SPLITSECONDS|3600
env.day|ENV_DAY|13
env.month|ENV_MONTH|5
env.oceanlevel|ENV_OCEANLEVEL|0
env.progresstime|ENV_PROGRESSTIME|True
env.time|ENV_TIME|17.29095
env.year|ENV_YEAR|2025
fps.limit|FPS_LIMIT|240
gc.enabled|GC_ENABLED|True
gc.incremental_enabled|GC_INCREMENTAL_ENABLED|True
gc.incremental_milliseconds|GC_INCREMENTAL_MILLISECONDS|3
global.asyncwarmup|GLOBAL_ASYNCWARMUP|False
global.cinematicgingerbreadcorpses|GLOBAL_CINEMATICGINGERBREADCORPSES|False
global.developer|GLOBAL_DEVELOPER|0
global.disablebagdropping|GLOBAL_DISABLEBAGDROPPING|False
global.forceunloadbundles|GLOBAL_FORCEUNLOADBUNDLES|True
global.maxspraysperplayer|GLOBAL_MAXSPRAYSPERPLAYER|40
global.maxthreads|GLOBAL_MAXTHREADS|8
global.perf|GLOBAL_PERF|0
global.preloadconcurrency|GLOBAL_PRELOADCONCURRENCY|1
global.skipassetwarmup_crashes|GLOBAL_SKIPASSETWARMUP_CRASHES|False
global.sprayduration|GLOBAL_SPRAYDURATION|in seconds
global.sprayoutofauthmultiplier|GLOBAL_SPRAYOUTOFAUTHMULTIPLIER|cannot go above 1f
global.warmupconcurrency|GLOBAL_WARMUPCONCURRENCY|1
halloween.enabled|HALLOWEEN_ENABLED|False
halloween.murdererpopulation|HALLOWEEN_MURDERERPOPULATION|0
halloween.scarecrow_beancan_vs_player_dmg_modifier|HALLOWEEN_SCARECROW_BEANCAN_VS_PLAYER_DMG_MODIFIER|Default: 0.1
halloween.scarecrow_body_dmg_modifier|HALLOWEEN_SCARECROW_BODY_DMG_MODIFIER|Default: 0.25
halloween.scarecrow_chase_stopping_distance|HALLOWEEN_SCARECROW_CHASE_STOPPING_DISTANCE|Default: 0.5
halloween.scarecrow_throw_beancan_global_delay|HALLOWEEN_SCARECROW_THROW_BEANCAN_GLOBAL_DELAY|Default: 8 seconds
halloween.scarecrowpopulation|HALLOWEEN_SCARECROWPOPULATION|0
halloween.scarecrows_throw_beancans|HALLOWEEN_SCARECROWS_THROW_BEANCANS|Default: true
inventory.disableattirelimitations|INVENTORY_DISABLEATTIRELIMITATIONS|False
net.global_network_debug|NET_GLOBAL_NETWORK_DEBUG|False
net.global_networked_bases|NET_GLOBAL_NETWORKED_BASES|True
net.limit_global_update_broadcast|NET_LIMIT_GLOBAL_UPDATE_BROADCAST|default
net.visdebug|NET_VISDEBUG|False
net.visibilityradiusfaroverride|NET_VISIBILITYRADIUSFAROVERRIDE|-1
net.visibilityradiusnearoverride|NET_VISIBILITYRADIUSNEAROVERRIDE|-1
nexus.clanclatbatchduration|NEXUS_CLANCLATBATCHDURATION|1
nexus.defaultzonecontactradius|NEXUS_DEFAULTZONECONTACTRADIUS|uses normalized coordinates
nexus.endpoint|NEXUS_ENDPOINT|https://api.facepunch.com/api/nexus/
nexus.islandspawndistance|NEXUS_ISLANDSPAWNDISTANCE|1.5
nexus.loadingtimeout|NEXUS_LOADINGTIMEOUT|900
nexus.logging|NEXUS_LOGGING|True
nexus.mapimagescale|NEXUS_MAPIMAGESCALE|0.5
nexus.messagelockduration|NEXUS_MESSAGELOCKDURATION|requires restart
nexus.pinginterval|NEXUS_PINGINTERVAL|30
nexus.playermanifestinterval|NEXUS_PLAYERMANIFESTINTERVAL|30
nexus.protectionduration|NEXUS_PROTECTIONDURATION|300
nexus.rpctimeoutmultiplier|NEXUS_RPCTIMEOUTMULTIPLIER|1
nexus.secretkey|NEXUS_SECRETKEY|
nexus.timeoffset|NEXUS_TIMEOFFSET|0
nexus.transferflushtime|NEXUS_TRANSFERFLUSHTIME|60
nexus.zonecontroller|NEXUS_ZONECONTROLLER|basic
heli.bulletaccuracy|HELI_BULLETACCURACY|2
heli.bulletdamagescale|HELI_BULLETDAMAGESCALE|1
heli.guns|HELI_GUNS|1
heli.lifetimeminutes|HELI_LIFETIMEMINUTES|15
physics.autosynctransforms|PHYSICS_AUTOSYNCTRANSFORMS|True
physics.batchsynctransforms|PHYSICS_BATCHSYNCTRANSFORMS|True
physics.bouncethreshold|PHYSICS_BOUNCETHRESHOLD|2
physics.gravity|PHYSICS_GRAVITY|1
physics.groundwatchdebug|PHYSICS_GROUNDWATCHDEBUG|False
physics.groundwatchdelay|PHYSICS_GROUNDWATCHDELAY|0.1
physics.groundwatchfails|PHYSICS_GROUNDWATCHFAILS|1
physics.minsteps|PHYSICS_MINSTEPS|8
physics.sendeffects|PHYSICS_SENDEFFECTS|True
physics.sleepthreshold|PHYSICS_SLEEPTHRESHOLD|0.02
physics.solveriterationcount|PHYSICS_SOLVERITERATIONCOUNT|default 7
physics.steps|PHYSICS_STEPS|16
player.tickrate_cl|PLAYER_TICKRATE_CL|20
player.tickrate_sv|PLAYER_TICKRATE_SV|16
player.woundforever|PLAYER_WOUNDFOREVER|False
pool.debug|POOL_DEBUG|False
pool.enabled|POOL_ENABLED|True
pool.mode|POOL_MODE|2
pool.prewarm|POOL_PREWARM|True
sentry.hostileduration|SENTRY_HOSTILEDURATION|120
sentry.interferenceradius|SENTRY_INTERFERENCERADIUS|40
sentry.maxinterference|SENTRY_MAXINTERFERENCE|12
sentry.targetall|SENTRY_TARGETALL|False
server.anticheatid|SERVER_ANTICHEATID|xyza7891h6UjNfd0eb2HQGtaul0WhfvS
server.anticheatkey|SERVER_ANTICHEATKEY|OWUDFZmi9VNL/7VhGVSSmCWALKTltKw8ISepa0VXs60
server.anticheatlog|SERVER_ANTICHEATLOG|300
server.anticheattoken|SERVER_ANTICHEATTOKEN|True
server.arrowarmor|SERVER_ARROWARMOR|1
server.arrowdamage|SERVER_ARROWDAMAGE|1
server.artificialtemperaturegrowablerange|SERVER_ARTIFICIALTEMPERATUREGROWABLERANGE|4
server.authtimeout|SERVER_AUTHTIMEOUT|60
server.bag_quota_item_amount|SERVER_BAG_QUOTA_ITEM_AMOUNT|True
server.bansserverendpoint|SERVER_BANSSERVERENDPOINT|see wiki
server.bansserverfailuremode|SERVER_BANSSERVERFAILUREMODE|see wiki
server.bansservertimeout|SERVER_BANSSERVERTIMEOUT|in seconds
server.bleedingarmor|SERVER_BLEEDINGARMOR|1
server.bleedingdamage|SERVER_BLEEDINGDAMAGE|1
server.branch|SERVER_BRANCH|
server.bulletarmor|SERVER_BULLETARMOR|1
server.bulletdamage|SERVER_BULLETDAMAGE|1
server.canequipbackpacksinair|SERVER_CANEQUIPBACKPACKSINAIR|False
server.ceilinglightgrowablerange|SERVER_CEILINGLIGHTGROWABLERANGE|3
server.ceilinglightheightoffset|SERVER_CEILINGLIGHTHEIGHTOFFSET|3
server.censorplayerlist|SERVER_CENSORPLAYERLIST|True
server.cinematic|SERVER_CINEMATIC|False
server.combatlogdelay|SERVER_COMBATLOGDELAY|10
server.combatlogsize|SERVER_COMBATLOGSIZE|30
server.composterupdateinterval|SERVER_COMPOSTERUPDATEINTERVAL|300
server.compression|SERVER_COMPRESSION|False
server.conveyormovefrequency|SERVER_CONVEYORMOVEFREQUENCY|value is an interval measured in seconds
server.corpsedespawn|SERVER_CORPSEDESPAWN|300
server.corpses|SERVER_CORPSES|True
server.crawlingenabled|SERVER_CRAWLINGENABLED|True
server.crawlingmaximumhealth|SERVER_CRAWLINGMAXIMUMHEALTH|12
server.crawlingminimumhealth|SERVER_CRAWLINGMINIMUMHEALTH|7
server.cycletime|SERVER_CYCLETIME|500
server.debrisdespawn|SERVER_DEBRISDESPAWN|30
server.defaultblueprintresearchcost|SERVER_DEFAULTBLUEPRINTRESEARCHCOST|10
server.description|SERVER_DESCRIPTION|The command-line tool for quick, simple deployment and management of Linux dedicated game servers.
server.dropitems|SERVER_DROPITEMS|True
server.encryption|SERVER_ENCRYPTION|2
server.enforcepipechecksonbuildingblockchanges|SERVER_ENFORCEPIPECHECKSONBUILDINGBLOCKCHANGES|roof bunkers
server.entitybatchsize|SERVER_ENTITYBATCHSIZE|100
server.entitybatchtime|SERVER_ENTITYBATCHTIME|1
server.entityrate|SERVER_ENTITYRATE|16
server.events|SERVER_EVENTS|True
server.funwaterdamagethreshold|SERVER_FUNWATERDAMAGETHRESHOLD|0.8
server.funwaterwetnessgain|SERVER_FUNWATERWETNESSGAIN|0.05
server.gamemode|SERVER_GAMEMODE|vanilla
server.headerimage|SERVER_HEADERIMAGE|https://git.io/JYdmK
server.hostname|SERVER_HOSTNAME|LinuxGSM
server.identity|SERVER_IDENTITY|rustserver
server.idlekick|SERVER_IDLEKICK|30
server.idlekickadmins|SERVER_IDLEKICKADMINS|0
server.idlekickmode|SERVER_IDLEKICKMODE|1
server.incapacitatedrecoverchance|SERVER_INCAPACITATEDRECOVERCHANCE|0.1
server.industrialcrafterfrequency|SERVER_INDUSTRIALCRAFTERFREQUENCY|value is an interval measured in seconds
server.industrialframebudgetms|SERVER_INDUSTRIALFRAMEBUDGETMS|0.5
server.ip|SERVER_IP|0.0.0.0
server.ipqueriespermin|SERVER_IPQUERIESPERMIN|30
server.itemdespawn|SERVER_ITEMDESPAWN|300
server.itemdespawn_container_scale|SERVER_ITEMDESPAWN_CONTAINER_SCALE|2
server.itemdespawn_quick|SERVER_ITEMDESPAWN_QUICK|30
server.level|SERVER_LEVEL|Procedural Map
server.leveltransfer|SERVER_LEVELTRANSFER|True
server.levelurl|SERVER_LEVELURL|
server.logoimage|SERVER_LOGOIMAGE|
server.max_sleeping_bags|SERVER_MAX_SLEEPING_BAGS|-1
server.maxclientinfosize|SERVER_MAXCLIENTINFOSIZE|1048576
server.maxconnectionsperip|SERVER_MAXCONNECTIONSPERIP|5
server.maxdecryptqueuebytes|SERVER_MAXDECRYPTQUEUEBYTES|524288000
server.maxdecryptqueuelength|SERVER_MAXDECRYPTQUEUELENGTH|5000
server.maxdecryptthreadwait|SERVER_MAXDECRYPTTHREADWAIT|100
server.maximummapmarkers|SERVER_MAXIMUMMAPMARKERS|5
server.maximumpings|SERVER_MAXIMUMPINGS|5
server.maxitemstacksmovedpertickindustrial|SERVER_MAXITEMSTACKSMOVEDPERTICKINDUSTRIAL|12
server.maxmainthreadwait|SERVER_MAXMAINTHREADWAIT|100
server.maxpacketsize_command|SERVER_MAXPACKETSIZE_COMMAND|100000
server.maxpacketsize_globalentities|SERVER_MAXPACKETSIZE_GLOBALENTITIES|1000
server.maxpacketsize_globaltrees|SERVER_MAXPACKETSIZE_GLOBALTREES|100
server.maxpacketspersecond|SERVER_MAXPACKETSPERSECOND|1500
server.maxpacketspersecond_command|SERVER_MAXPACKETSPERSECOND_COMMAND|100
server.maxpacketspersecond_rpc|SERVER_MAXPACKETSPERSECOND_RPC|200
server.maxpacketspersecond_rpc_signal|SERVER_MAXPACKETSPERSECOND_RPC_SIGNAL|50
server.maxpacketspersecond_tick|SERVER_MAXPACKETSPERSECOND_TICK|300
server.maxpacketspersecond_voice|SERVER_MAXPACKETSPERSECOND_VOICE|100
server.maxpacketspersecond_world|SERVER_MAXPACKETSPERSECOND_WORLD|1
server.maxplayers|SERVER_MAXPLAYERS|50
server.maxreadqueuebytes|SERVER_MAXREADQUEUEBYTES|524288000
server.maxreadqueuelength|SERVER_MAXREADQUEUELENGTH|5000
server.maxreadthreadwait|SERVER_MAXREADTHREADWAIT|100
server.maxreceivetime|SERVER_MAXRECEIVETIME|20
server.maxunack|SERVER_MAXUNACK|4
server.maxwritequeuebytes|SERVER_MAXWRITEQUEUEBYTES|524288000
server.maxwritequeuelength|SERVER_MAXWRITEQUEUELENGTH|5000
server.maxwritethreadwait|SERVER_MAXWRITETHREADWAIT|100
server.meleearmor|SERVER_MELEEARMOR|1
server.meleedamage|SERVER_MELEEDAMAGE|1
server.metabolismtick|SERVER_METABOLISMTICK|1
server.modifiertickrate|SERVER_MODIFIERTICKRATE|1
server.motd|SERVER_MOTD|
server.netcache|SERVER_NETCACHE|True
server.netcachesize|SERVER_NETCACHESIZE|0
server.netlog|SERVER_NETLOG|False
server.nonplanterdeathchancepertick|SERVER_NONPLANTERDEATHCHANCEPERTICK|0.005
server.official|SERVER_OFFICIAL|False
server.optimalplanterqualitysaturation|SERVER_OPTIMALPLANTERQUALITYSATURATION|0.6
server.packetlog_enabled|SERVER_PACKETLOG_ENABLED|False
server.parachuterepacktime|SERVER_PARACHUTEREPACKTIME|8
server.pingduration|SERVER_PINGDURATION|10
server.plantlightdetection|SERVER_PLANTLIGHTDETECTION|True
server.planttick|SERVER_PLANTTICK|60
server.planttickscale|SERVER_PLANTTICKSCALE|1
server.playerserverfall|SERVER_PLAYERSERVERFALL|True
server.playertimeout|SERVER_PLAYERTIMEOUT|60
server.port|SERVER_PORT|28015
server.printreportstoconsole|SERVER_PRINTREPORTSTOCONSOLE|False
server.pve|SERVER_PVE|False
server.queriespersecond|SERVER_QUERIESPERSECOND|2000
server.queryport|SERVER_QUERYPORT|28017
server.radiation|SERVER_RADIATION|True
server.reportsserverendpoint|SERVER_REPORTSSERVERENDPOINT|
server.reportsserverendpointkey|SERVER_REPORTSSERVERENDPOINTKEY|for validation
server.respawnatdeathposition|SERVER_RESPAWNATDEATHPOSITION|for trailer filming
server.respawnresetrange|SERVER_RESPAWNRESETRANGE|50
server.respawnwithloadout|SERVER_RESPAWNWITHLOADOUT|created with inventory.saveloadout
server.rewounddelay|SERVER_REWOUNDDELAY|60
server.rpclog_enabled|SERVER_RPCLOG_ENABLED|False
server.salt|SERVER_SALT|1113233618
server.savebackupcount|SERVER_SAVEBACKUPCOUNT|2
server.savecachesize|SERVER_SAVECACHESIZE|3825343
server.saveinterval|SERVER_SAVEINTERVAL|300
server.schematime|SERVER_SCHEMATIME|1800
server.secure|SERVER_SECURE|True
server.seed|SERVER_SEED|1665026410
server.showholstereditems|SERVER_SHOWHOLSTEREDITEMS|True
server.sprinklereyeheightoffset|SERVER_SPRINKLEREYEHEIGHTOFFSET|3
server.sprinklerradius|SERVER_SPRINKLERRADIUS|3
server.stability|SERVER_STABILITY|True
server.statbackup|SERVER_STATBACKUP|False
server.stats|SERVER_STATS|False
server.tags|SERVER_TAGS|see wiki
server.tickrate|SERVER_TICKRATE|30
server.updatebatch|SERVER_UPDATEBATCH|512
server.updatebatchspawn|SERVER_UPDATEBATCHSPAWN|1024
server.url|SERVER_URL|https://linuxgsm.com/
server.useminimumplantcondition|SERVER_USEMINIMUMPLANTCONDITION|True
server.watercontainersleavewaterbehind|SERVER_WATERCONTAINERSLEAVEWATERBEHIND|False
server.worldsize|SERVER_WORLDSIZE|3000
server.woundedmaxfoodandwaterbonus|SERVER_WOUNDEDMAXFOODANDWATERBONUS|0.25
server.woundedrecoverchance|SERVER_WOUNDEDRECOVERCHANCE|0.2
server.woundingenabled|SERVER_WOUNDINGENABLED|True
spawn.max_density|SPAWN_MAX_DENSITY|1
spawn.max_rate|SPAWN_MAX_RATE|1
spawn.min_density|SPAWN_MIN_DENSITY|0.5
spawn.min_rate|SPAWN_MIN_RATE|0.5
spawn.player_base|SPAWN_PLAYER_BASE|100
spawn.player_scale|SPAWN_PLAYER_SCALE|2
spawn.respawn_groups|SPAWN_RESPAWN_GROUPS|True
spawn.respawn_individuals|SPAWN_RESPAWN_INDIVIDUALS|True
spawn.respawn_populations|SPAWN_RESPAWN_POPULATIONS|True
spawn.tick_individuals|SPAWN_TICK_INDIVIDUALS|300
spawn.tick_populations|SPAWN_TICK_POPULATIONS|60
stability.accuracy|STABILITY_ACCURACY|0.001
stability.collapse|STABILITY_COLLAPSE|0.05
stability.stabilityqueue|STABILITY_STABILITYQUEUE|9
stability.strikes|STABILITY_STRIKES|10
stability.surroundingsqueue|STABILITY_SURROUNDINGSQUEUE|3
stability.verbose|STABILITY_VERBOSE|0
steam.server_allow_steam_nicknames|STEAM_SERVER_ALLOW_STEAM_NICKNAMES|True
time.fixeddelta|TIME_FIXEDDELTA|0.0625
time.maxdelta|TIME_MAXDELTA|0.125
time.pausewhileloading|TIME_PAUSEWHILELOADING|True
time.timescale|TIME_TIMESCALE|1
tree.global_broadcast|TREE_GLOBAL_BROADCAST|False
vehicle.boat_corpse_seconds|VEHICLE_BOAT_CORPSE_SECONDS|300
vehicle.carwrecks|VEHICLE_CARWRECKS|True
vehicle.cinematictrains|VEHICLE_CINEMATICTRAINS|False
vehicle.trainskeeprunning|VEHICLE_TRAINSKEEPRUNNING|False
vehicle.vehiclesdroploot|VEHICLE_VEHICLESDROPLOOT|True
vis.attack|VIS_ATTACK|False
vis.damage|VIS_DAMAGE|False
vis.hitboxes|VIS_HITBOXES|False
vis.lineofsight|VIS_LINEOFSIGHT|False
vis.protection|VIS_PROTECTION|False
vis.sense|VIS_SENSE|False
vis.triggers|VIS_TRIGGERS|False
vis.weakspots|VIS_WEAKSPOTS|False
voice.voicerangeboostamount|VOICE_VOICERANGEBOOSTAMOUNT|50
weather.atmosphere_brightness|WEATHER_ATMOSPHERE_BRIGHTNESS|-1
weather.atmosphere_contrast|WEATHER_ATMOSPHERE_CONTRAST|-1
weather.atmosphere_directionality|WEATHER_ATMOSPHERE_DIRECTIONALITY|-1
weather.atmosphere_mie|WEATHER_ATMOSPHERE_MIE|-1
weather.atmosphere_rayleigh|WEATHER_ATMOSPHERE_RAYLEIGH|-1
weather.clear_chance|WEATHER_CLEAR_CHANCE|0.9
weather.cloud_attenuation|WEATHER_CLOUD_ATTENUATION|-1
weather.cloud_brightness|WEATHER_CLOUD_BRIGHTNESS|-1
weather.cloud_coloring|WEATHER_CLOUD_COLORING|-1
weather.cloud_coverage|WEATHER_CLOUD_COVERAGE|-1
weather.cloud_opacity|WEATHER_CLOUD_OPACITY|-1
weather.cloud_saturation|WEATHER_CLOUD_SATURATION|-1
weather.cloud_scattering|WEATHER_CLOUD_SCATTERING|-1
weather.cloud_sharpness|WEATHER_CLOUD_SHARPNESS|-1
weather.cloud_size|WEATHER_CLOUD_SIZE|-1
weather.dust_chance|WEATHER_DUST_CHANCE|0.03
weather.fog|WEATHER_FOG|-1
weather.fog_chance|WEATHER_FOG_CHANCE|0.03
weather.ocean_scale|WEATHER_OCEAN_SCALE|-1
weather.ocean_time|WEATHER_OCEAN_TIME|-1
weather.overcast_chance|WEATHER_OVERCAST_CHANCE|0
weather.rain|WEATHER_RAIN|-1
weather.rain_chance|WEATHER_RAIN_CHANCE|0.08
weather.rainbow|WEATHER_RAINBOW|-1
weather.storm_chance|WEATHER_STORM_CHANCE|0.02
weather.thunder|WEATHER_THUNDER|-1
weather.wetness_rain|WEATHER_WETNESS_RAIN|0.4
weather.wetness_snow|WEATHER_WETNESS_SNOW|0.2
weather.wind|WEATHER_WIND|-1
world.cache|WORLD_CACHE|True
world.configfile|WORLD_CONFIGFILE|
world.configstring|WORLD_CONFIGSTRING|
xmas.enabled|XMAS_ENABLED|False
xmas.giftsperplayer|XMAS_GIFTSPERPLAYER|2
xmas.spawnattempts|XMAS_SPAWNATTEMPTS|5
xmas.spawnrange|XMAS_SPAWNRANGE|40
drone.altitudespeedoverride|DRONE_ALTITUDESPEEDOVERRIDE|0
drone.maxcontrolrange|DRONE_MAXCONTROLRANGE|500
drone.movementspeedoverride|DRONE_MOVEMENTSPEEDOVERRIDE|0
dungeonnavmesh.use_baked_terrain_mesh|DUNGEONNAVMESH_USE_BAKED_TERRAIN_MESH|True
dynamicnavmesh.use_baked_terrain_mesh|DYNAMICNAVMESH_USE_BAKED_TERRAIN_MESH|False
eventschedulewipeoffset.event_hours_before_wipe|EVENTSCHEDULEWIPEOFFSET_EVENT_HOURS_BEFORE_WIPE|24
excavatorsignalcomputer.chargeneededforsupplies|EXCAVATORSIGNALCOMPUTER_CHARGENEEDEDFORSUPPLIES|600
global.steamconnectiontimeout|GLOBAL_STEAMCONNECTIONTIMEOUT|10000
global.steamnagleflush|GLOBAL_STEAMNAGLEFLUSH|False
global.steamnagletime|GLOBAL_STEAMNAGLETIME|5000
global.steamnetdebug|GLOBAL_STEAMNETDEBUG|0 = off, 1 = bug, 2 = error, 3 = important, 4 = warning, 5 = message, 6 = verbose, 7 = debug, 8 = everything
global.steamnetdebug_ackrtt|GLOBAL_STEAMNETDEBUG_ACKRTT|4
global.steamnetdebug_message|GLOBAL_STEAMNETDEBUG_MESSAGE|4
global.steamnetdebug_p2prendezvous|GLOBAL_STEAMNETDEBUG_P2PRENDEZVOUS|4
global.steamnetdebug_packetdecode|GLOBAL_STEAMNETDEBUG_PACKETDECODE|4
global.steamnetdebug_packetgaps|GLOBAL_STEAMNETDEBUG_PACKETGAPS|4
global.steamnetdebug_sdrrelaypings|GLOBAL_STEAMNETDEBUG_SDRRELAYPINGS|4
global.steamsendbuffer|GLOBAL_STEAMSENDBUFFER|524288
global.steamsendratemax|GLOBAL_STEAMSENDRATEMAX|1048576
global.steamsendratemin|GLOBAL_STEAMSENDRATEMIN|131072
rcon.ip|RCON_IP|0.0.0.0
rcon.port|RCON_PORT|28016
rcon.print|RCON_PRINT|False
rcon.web|RCON_WEB|True
analytics.analytics_header|ANALYTICS_ANALYTICS_HEADER|X-API-KEY
analytics.analytics_secret|ANALYTICS_ANALYTICS_SECRET|
analytics.high_freq_stats|ANALYTICS_HIGH_FREQ_STATS|True
analytics.server_analytics_url|ANALYTICS_SERVER_ANALYTICS_URL|https://rust-api.facepunch.com/api/public/analytics/rust/server
analytics.stats_blacklist|ANALYTICS_STATS_BLACKLIST|
analytics.analytics_enabled|ANALYTICS_ANALYTICS_ENABLED|True
frankensteinbrain.movetowardsrate|FRANKENSTEINBRAIN_MOVETOWARDSRATE|1
frankensteinpet.decayminutes|FRANKENSTEINPET_DECAYMINUTES|180
gamemodesoftcore.reclaim_fraction_belt|GAMEMODESOFTCORE_RECLAIM_FRACTION_BELT|0.5
gamemodesoftcore.reclaim_fraction_main|GAMEMODESOFTCORE_RECLAIM_FRACTION_MAIN|0.5
gamemodesoftcore.reclaim_fraction_wear|GAMEMODESOFTCORE_RECLAIM_FRACTION_WEAR|0
growableentity.framebudgetms|GROWABLEENTITY_FRAMEBUDGETMS|0.25
guntrap.gun_trap_budget_ms|GUNTRAP_GUN_TRAP_BUDGET_MS|0.5
hackablelockedcrate.decayseconds|HACKABLELOCKEDCRATE_DECAYSECONDS|7200
hackablelockedcrate.requiredhackseconds|HACKABLELOCKEDCRATE_REQUIREDHACKSECONDS|900
halloweendungeon.lifetime|HALLOWEENDUNGEON_LIFETIME|600
halloweendungeon.population|HALLOWEENDUNGEON_POPULATION|0
horse.population|HORSE_POPULATION|0
hotairballoon.outsidedecayminutes|HOTAIRBALLOON_OUTSIDEDECAYMINUTES|180
hotairballoon.population|HOTAIRBALLOON_POPULATION|1
hotairballoon.serviceceiling|HOTAIRBALLOON_SERVICECEILING|200
ioentity.backtracking|IOENTITY_BACKTRACKING|8
ioentity.debugbudget|IOENTITY_DEBUGBUDGET|False
ioentity.debugbudgetthreshold|IOENTITY_DEBUGBUDGETTHRESHOLD|2
ioentity.framebudgetms|IOENTITY_FRAMEBUDGETMS|1
ioentity.responsetime|IOENTITY_RESPONSETIME|0.1
junkpilewater.framebudgetms|JUNKPILEWATER_FRAMEBUDGETMS|0.25
megaphone.megaphonevoicerange|MEGAPHONE_MEGAPHONEVOICERANGE|100
minicopter.population|MINICOPTER_POPULATION|0
mlrs.brokendownminutes|MLRS_BROKENDOWNMINUTES|10
modularcar.outsidedecayminutes|MODULARCAR_OUTSIDEDECAYMINUTES|864
modularcar.population|MODULARCAR_POPULATION|3
monumentnavmesh.use_baked_terrain_mesh|MONUMENTNAVMESH_USE_BAKED_TERRAIN_MESH|True
motorrowboat.decaystartdelayminutes|MOTORROWBOAT_DECAYSTARTDELAYMINUTES|45
motorrowboat.deepwaterdecayminutes|MOTORROWBOAT_DEEPWATERDECAYMINUTES|120
motorrowboat.outsidedecayminutes|MOTORROWBOAT_OUTSIDEDECAYMINUTES|180
motorrowboat.population|MOTORROWBOAT_POPULATION|1
npcautoturret.sleeperhostiledelay|NPCAUTOTURRET_SLEEPERHOSTILEDELAY|1200
parachute.bypassrepack|PARACHUTE_BYPASSREPACK|False
parachute.landinganimations|PARACHUTE_LANDINGANIMATIONS|False
petbrain.controldistance|PETBRAIN_CONTROLDISTANCE|100
petbrain.drownindeepwater|PETBRAIN_DROWNINDEEPWATER|True
petbrain.drowntimer|PETBRAIN_DROWNTIMER|15
petbrain.idlewhenownermounted|PETBRAIN_IDLEWHENOWNERMOUNTED|True
petbrain.idlewhenownerofflineordead|PETBRAIN_IDLEWHENOWNEROFFLINEORDEAD|True
playerhelicopter.insidedecayminutes|PLAYERHELICOPTER_INSIDEDECAYMINUTES|2880
playerhelicopter.outsidedecayminutes|PLAYERHELICOPTER_OUTSIDEDECAYMINUTES|480
playerinventory.forcebirthday|PLAYERINVENTORY_FORCEBIRTHDAY|False
polarbear.population|POLARBEAR_POPULATION|1
reclaimmanager.reclaim_expire_minutes|RECLAIMMANAGER_RECLAIM_EXPIRE_MINUTES|120
relationshipmanager.contacts|RELATIONSHIPMANAGER_CONTACTS|True
relationshipmanager.forgetafterminutes|RELATIONSHIPMANAGER_FORGETAFTERMINUTES|960
relationshipmanager.maxplayerrelationships|RELATIONSHIPMANAGER_MAXPLAYERRELATIONSHIPS|128
relationshipmanager.maxteamsize|RELATIONSHIPMANAGER_MAXTEAMSIZE|8
relationshipmanager.mugshotupdateinterval|RELATIONSHIPMANAGER_MUGSHOTUPDATEINTERVAL|300
relationshipmanager.seendistance|RELATIONSHIPMANAGER_SEENDISTANCE|10
rhib.rhibpopulation|RHIB_RHIBPOPULATION|0
ridablehorse.population|RIDABLEHORSE_POPULATION|2
aimanager.ai_dormant|AIMANAGER_AI_DORMANT|True
aimanager.ai_dormant_max_wakeup_per_tick|AIMANAGER_AI_DORMANT_MAX_WAKEUP_PER_TICK|default: 30
aimanager.ai_htn_animal_tick_budget|AIMANAGER_AI_HTN_ANIMAL_TICK_BUDGET|default: 4 ms
aimanager.ai_htn_player_junkpile_tick_budget|AIMANAGER_AI_HTN_PLAYER_JUNKPILE_TICK_BUDGET|default: 4 ms
aimanager.ai_htn_player_tick_budget|AIMANAGER_AI_HTN_PLAYER_TICK_BUDGET|default: 4 ms
aimanager.ai_htn_use_agency_tick|AIMANAGER_AI_HTN_USE_AGENCY_TICK|default: true
aimanager.ai_to_player_distance_wakeup_range|AIMANAGER_AI_TO_PLAYER_DISTANCE_WAKEUP_RANGE|160
aimanager.nav_disable|AIMANAGER_NAV_DISABLE|False
aimanager.nav_obstacles_carve_state|AIMANAGER_NAV_OBSTACLES_CARVE_STATE|2
aimanager.nav_wait|AIMANAGER_NAV_WAIT|True
aimanager.pathfindingiterationsperframe|AIMANAGER_PATHFINDINGITERATIONSPERFRAME|100
aimanager.setdestination_navmesh_failsafe|AIMANAGER_SETDESTINATION_NAVMESH_FAILSAFE|False
coverpointvolume.cover_point_sample_step_height|COVERPOINTVOLUME_COVER_POINT_SAMPLE_STEP_HEIGHT|smaller steps gives more accurate cover points, but at a higher processing cost
coverpointvolume.cover_point_sample_step_size|COVERPOINTVOLUME_COVER_POINT_SAMPLE_STEP_SIZE|smaller steps gives more accurate cover points, but at a higher processing cost
samsite.staticrepairseconds|SAMSITE_STATICREPAIRSECONDS|1200
santasleigh.altitudeaboveterrain|SANTASLEIGH_ALTITUDEABOVETERRAIN|50
santasleigh.desiredaltitude|SANTASLEIGH_DESIREDALTITUDE|60
scraptransporthelicopter.population|SCRAPTRANSPORTHELICOPTER_POPULATION|0
simpleshark.disable|SIMPLESHARK_DISABLE|False
simpleshark.forcesurfaceamount|SIMPLESHARK_FORCESURFACEAMOUNT|0
slotmachine.forcepayoutindex|SLOTMACHINE_FORCEPAYOUTINDEX|-1
snowmobile.allowpassengeronly|SNOWMOBILE_ALLOWPASSENGERONLY|False
snowmobile.allterrain|SNOWMOBILE_ALLTERRAIN|False
snowmobile.outsidedecayminutes|SNOWMOBILE_OUTSIDEDECAYMINUTES|1440
stag.population|STAG_POPULATION|3
telephonemanager.maxcalllength|TELEPHONEMANAGER_MAXCALLLENGTH|120
telephonemanager.maxconcurrentcalls|TELEPHONEMANAGER_MAXCONCURRENTCALLS|10
traincar.decayminutes|TRAINCAR_DECAYMINUTES|30
traincar.population|TRAINCAR_POPULATION|2.3
traincar.wagons_per_engine|TRAINCAR_WAGONS_PER_ENGINE|2
traincarunloadable.decayminutesafterunload|TRAINCARUNLOADABLE_DECAYMINUTESAFTERUNLOAD|10
traincouplingcontroller.max_couple_speed|TRAINCOUPLINGCONTROLLER_MAX_COUPLE_SPEED|9
tugboat.tugcorpseseconds|TUGBOAT_TUGCORPSESECONDS|7200
tugboat.tugdecayminutes|TUGBOAT_TUGDECAYMINUTES|2160
tugboat.tugdecaystartdelayminutes|TUGBOAT_TUGDECAYSTARTDELAYMINUTES|1440
wipetimer.days_to_add_test|WIPETIMER_DAYS_TO_ADD_TEST|0
wipetimer.hours_to_add_test|WIPETIMER_HOURS_TO_ADD_TEST|0
wipetimer.wipecronoverride|WIPETIMER_WIPECRONOVERRIDE|except wipeUnixTimestampOverride
wipetimer.wipedayofweek|WIPETIMER_WIPEDAYOFWEEK|4
wipetimer.wipehourofday|WIPETIMER_WIPEHOUROFDAY|19
wipetimer.wipetimezone|WIPETIMER_WIPETIMEZONE|Europe/London
wipetimer.wipeunixtimestampoverride|WIPETIMER_WIPEUNIXTIMESTAMPOVERRIDE|seconds
wolf.population|WOLF_POPULATION|2
xmasdungeon.playerdetectrange|XMASDUNGEON_PLAYERDETECTRANGE|30
xmasdungeon.xmaslifetime|XMASDUNGEON_XMASLIFETIME|1200
xmasdungeon.xmaspopulation|XMASDUNGEON_XMASPOPULATION|0
zombie.population|ZOMBIE_POPULATION|0